[backblue.gif]
[fade.gif]
[index.html]
[hmed.cloud/ibnkathir_lab/index.html]
[hmed.cloud/ibnkathir_lab/login.html]
[hmed.cloud/ibnkathir_lab/javax.faces.resource/theme.cssf78e.css]
[hmed.cloud/ibnkathir_lab/javax.faces.resource/primeicons/primeicons.css4741.css]
[hmed.cloud/ibnkathir_lab/javax.faces.resource/components.css4741.css]
[hmed.cloud/ibnkathir_lab/javax.faces.resource/css/primeflex.css.css]
[hmed.cloud/ibnkathir_lab/javax.faces.resource/core.js4741.xhtml]
[hmed.cloud/ibnkathir_lab/javax.faces.resource/jquery/jquery.js4741.xhtml]
[hmed.cloud/ibnkathir_lab/javax.faces.resource/validation/validation.js4741.xhtml]
[hmed.cloud/ibnkathir_lab/resources/images/HLAMIS.png]
[hmed.cloud/ibnkathir_lab/javax.faces.resource/jquery/jquery-plugins.js4741.xhtml]
[hmed.cloud/ibnkathir_lab/login.html]
[hmed.cloud/ibnkathir_lab/javax.faces.resource/theme.cssf78e.css]
[hmed.cloud/ibnkathir_lab/javax.faces.resource/primeicons/primeicons.eot4741.xhtml]
[hmed.cloud/ibnkathir_lab/javax.faces.resource/primeicons/primeicons.woff24741.xhtml]
[hmed.cloud/ibnkathir_lab/javax.faces.resource/primeicons/primeicons.woff4741.xhtml]
[hmed.cloud/ibnkathir_lab/javax.faces.resource/primeicons/primeicons.ttf4741.xhtml]
[hmed.cloud/ibnkathir_lab/javax.faces.resource/primeicons/primeicons.css4741.css]
[hmed.cloud/ibnkathir_lab/javax.faces.resource/css/primeflex.css.css]
[hmed.cloud/ibnkathir_lab/javax.faces.resource/components.js4741.xhtml]
[hmed.cloud/ibnkathir_lab/javax.faces.resource/datascroller/images/loading.gif4741.gif]
[hmed.cloud/ibnkathir_lab/javax.faces.resource/forms/password-meter.png4741.png]
[hmed.cloud/ibnkathir_lab/javax.faces.resource/messages/messages.png4741.png]
[hmed.cloud/ibnkathir_lab/javax.faces.resource/primeicons/primeicons.svg4741.svg]
[hmed.cloud/ibnkathir_lab/javax.faces.resource/rating/rating.png4741.png]
[hmed.cloud/ibnkathir_lab/javax.faces.resource/tree/images/line.gif4741.gif]
[hmed.cloud/ibnkathir_lab/javax.faces.resource/components.css4741.css]
[hmed.cloud/ibnkathir_lab/javax.faces.resource/dynamiccontent.properties6b16.html]
[hmed.cloud/ibnkathir_lab/javax.faces.resource/primeicons/primeicons.svg4741.svg]
